[    1075ms] [INFO] %cDownload the React DevTools for a better development experience: https://react.dev/link/react-devtools font-weight:bold @ http://localhost:3000/_next/static/chunks/node_modules_next_dist_115brz8._.js:2431
[    1092ms] [LOG] [HMR] connected @ http://localhost:3000/_next/static/chunks/node_modules_next_dist_115brz8._.js:2431
[    1279ms] [LOG] [Fast Refresh] rebuilding @ http://localhost:3000/_next/static/chunks/node_modules_next_dist_115brz8._.js:2431
[    1284ms] [LOG] [Fast Refresh] done in 118ms @ http://localhost:3000/_next/static/chunks/node_modules_next_dist_115brz8._.js:2431
[   89245ms] [LOG] [Fast Refresh] rebuilding @ http://localhost:3000/_next/static/chunks/node_modules_next_dist_115brz8._.js:2431
[   89304ms] [LOG] [Fast Refresh] done in 161ms @ http://localhost:3000/_next/static/chunks/node_modules_next_dist_115brz8._.js:2431
[  613944ms] [ERROR] WebSocket connection to 'ws://localhost:3000/_next/webpack-hmr?id=tIQ5lFJthNi4vfqRoNa3Z' failed: Error in connection establishment: net::ERR_CONNECTION_REFUSED @ http://localhost:3000/_next/static/chunks/node_modules_next_dist_client_0fhqo1d._.js:13299
[  617312ms] [ERROR] WebSocket connection to 'ws://localhost:3000/_next/webpack-hmr?id=tIQ5lFJthNi4vfqRoNa3Z' failed: Error in connection establishment: net::ERR_CONNECTION_REFUSED @ http://localhost:3000/_next/static/chunks/node_modules_next_dist_client_0fhqo1d._.js:13299
[  620651ms] [ERROR] WebSocket connection to 'ws://localhost:3000/_next/webpack-hmr?id=tIQ5lFJthNi4vfqRoNa3Z' failed: Error in connection establishment: net::ERR_CONNECTION_REFUSED @ http://localhost:3000/_next/static/chunks/node_modules_next_dist_client_0fhqo1d._.js:13299
[  624002ms] [ERROR] WebSocket connection to 'ws://localhost:3000/_next/webpack-hmr?id=tIQ5lFJthNi4vfqRoNa3Z' failed: Error in connection establishment: net::ERR_CONNECTION_REFUSED @ http://localhost:3000/_next/static/chunks/node_modules_next_dist_client_0fhqo1d._.js:13299
[  627340ms] [ERROR] WebSocket connection to 'ws://localhost:3000/_next/webpack-hmr?id=tIQ5lFJthNi4vfqRoNa3Z' failed: Error in connection establishment: net::ERR_CONNECTION_REFUSED @ http://localhost:3000/_next/static/chunks/node_modules_next_dist_client_0fhqo1d._.js:13299
[  634709ms] [ERROR] WebSocket connection to 'ws://localhost:3000/_next/webpack-hmr?id=tIQ5lFJthNi4vfqRoNa3Z' failed: Error in connection establishment: net::ERR_CONNECTION_REFUSED @ http://localhost:3000/_next/static/chunks/node_modules_next_dist_client_0fhqo1d._.js:13299
[  642076ms] [ERROR] WebSocket connection to 'ws://localhost:3000/_next/webpack-hmr?id=tIQ5lFJthNi4vfqRoNa3Z' failed: Error in connection establishment: net::ERR_CONNECTION_REFUSED @ http://localhost:3000/_next/static/chunks/node_modules_next_dist_client_0fhqo1d._.js:13299
[  649432ms] [ERROR] WebSocket connection to 'ws://localhost:3000/_next/webpack-hmr?id=tIQ5lFJthNi4vfqRoNa3Z' failed: Error in connection establishment: net::ERR_CONNECTION_REFUSED @ http://localhost:3000/_next/static/chunks/node_modules_next_dist_client_0fhqo1d._.js:13299
[  656800ms] [ERROR] WebSocket connection to 'ws://localhost:3000/_next/webpack-hmr?id=tIQ5lFJthNi4vfqRoNa3Z' failed: Error in connection establishment: net::ERR_CONNECTION_REFUSED @ http://localhost:3000/_next/static/chunks/node_modules_next_dist_client_0fhqo1d._.js:13299
[  664169ms] [ERROR] WebSocket connection to 'ws://localhost:3000/_next/webpack-hmr?id=tIQ5lFJthNi4vfqRoNa3Z' failed: Error in connection establishment: net::ERR_CONNECTION_REFUSED @ http://localhost:3000/_next/static/chunks/node_modules_next_dist_client_0fhqo1d._.js:13299
[  671584ms] [ERROR] WebSocket connection to 'ws://localhost:3000/_next/webpack-hmr?id=tIQ5lFJthNi4vfqRoNa3Z' failed: Error in connection establishment: net::ERR_CONNECTION_REFUSED @ http://localhost:3000/_next/static/chunks/node_modules_next_dist_client_0fhqo1d._.js:13299
[  679068ms] [ERROR] WebSocket connection to 'ws://localhost:3000/_next/webpack-hmr?id=tIQ5lFJthNi4vfqRoNa3Z' failed: Error in connection establishment: net::ERR_CONNECTION_REFUSED @ http://localhost:3000/_next/static/chunks/node_modules_next_dist_client_0fhqo1d._.js:13299
[ 3491925ms] [INFO] %cDownload the React DevTools for a better development experience: https://react.dev/link/react-devtools font-weight:bold @ http://localhost:3000/_next/static/chunks/node_modules_next_dist_115brz8._.js:2431
[ 3491980ms] [LOG] [HMR] connected @ http://localhost:3000/_next/static/chunks/node_modules_next_dist_115brz8._.js:2431
